// Jest Snapshot v1, https://goo.gl/fbAQLP

exports[`Error Display tests should match snapshot 1`] = `
<div
  className="loader-wrapper"
  data-testid="loader"
>
  <span
    className="MuiCircularProgress-root MuiCircularProgress-indeterminate MuiCircularProgress-colorPrimary loader-circle css-18lrjg1-MuiCircularProgress-root"
    role="progressbar"
    style={
      Object {
        "height": 70,
        "width": 70,
      }
    }
  >
    <svg
      className="MuiCircularProgress-svg css-1idz92c-MuiCircularProgress-svg"
      viewBox="22 22 44 44"
    >
      <circle
        className="MuiCircularProgress-circle MuiCircularProgress-circleIndeterminate css-176wh8e-MuiCircularProgress-circle"
        cx={44}
        cy={44}
        fill="none"
        r={20.2}
        strokeWidth={3.6}
        style={Object {}}
      />
    </svg>
  </span>
</div>
`;

exports[`Loader tests should match snapshot 1`] = `
<div
  className="loader-wrapper"
  data-testid="loader"
>
  <span
    className="MuiCircularProgress-root MuiCircularProgress-indeterminate MuiCircularProgress-colorPrimary loader-circle css-18lrjg1-MuiCircularProgress-root"
    role="progressbar"
    style={
      Object {
        "height": 70,
        "width": 70,
      }
    }
  >
    <svg
      className="MuiCircularProgress-svg css-1idz92c-MuiCircularProgress-svg"
      viewBox="22 22 44 44"
    >
      <circle
        className="MuiCircularProgress-circle MuiCircularProgress-circleIndeterminate css-176wh8e-MuiCircularProgress-circle"
        cx={44}
        cy={44}
        fill="none"
        r={20.2}
        strokeWidth={3.6}
        style={Object {}}
      />
    </svg>
  </span>
</div>
`;
